// Jest Snapshot v1, https://goo.gl/fbAQLP

exports[`config config should throw if extends property is not a string or an array 1`] = `"Values in \\".extends\\" property in Alfred config must be a string. Instead passed [{\\"extends\\":\\"\\"}]"`;

exports[`config config should throw if extends property is not a string or an array 2`] = `"Values in \\".extends\\" property in Alfred config must be a string. Instead passed undefined"`;
