// Jest Snapshot v1, https://goo.gl/fbAQLP

exports[`CMF should do basic cmf 1`] = `
Array [
  Object {
    "extends": "@babel/preset-env",
  },
  Object {
    "extends": Array [
      "bliss",
    ],
    "parser": "babel-eslint",
  },
  Object {
    "module": Object {
      "devtool": "source-map",
      "entry": "./app/main.dev",
      "mode": "production",
      "output": Object {
        "filename": "./app/main.prod.js",
        "path": "app",
      },
      "rules": Array [
        Object {
          "exclude": /node_modules/,
          "test": /\\\\\\.jsx\\?\\$/,
          "use": Object {
            "loader": "babel-loader",
            "options": Object {
              "cacheDirectory": true,
            },
          },
        },
      ],
      "target": "electron-main",
    },
  },
]
`;

exports[`CMF should do basic cmf 2`] = `
Object {
  "@babel/cli": "7.2.0",
  "@babel/core": "7.2.0",
  "@babel/preset": "env@7.2.0",
  "babel-eslint": "5.0.0",
  "babel-loader": "5.0.0",
  "eslint": "5.0.0",
  "webpack": "5.0.0",
}
`;
