// Jest Snapshot v1, https://goo.gl/fbAQLP

exports[`Migrate should migrate basic file 1`] = `
Array [
  "import fs from 'fs';
import path from 'path';

const foo = 'asdfa';
console.log(foo);
",
]
`;

exports[`Migrate should migrate basic file with EslintProvider 1`] = `
Array [
  "const some = 'foo';
const baz = 'baz';
",
]
`;

exports[`Migrate should perform unsafe transformations 1`] = `
Array [
  "class MyClass {
  method() {}
}
",
  "import foo from 'bar';
import cow from 'boo';
",
]
`;

exports[`Migrate should perform unsafe transformations 2`] = `
Array [
  "class MyClass {
  method() {}
}
",
  "import foo from 'bar';
import cow from 'boo';
",
]
`;

exports[`Migrate should run against directories 1`] = `
Array [
  "/*!
 * express-hello-world <https://github.com/tunnckoCore/express-hello-world>
 *
 * Copyright (c) 2015 Charlike Mike Reagent <@tunnckoCore> (http://www.tunnckocore.tk)
 * Released under the MIT license.
 */

/* jshint asi:true */
/* eslint import/no-unresolved: off, import/no-extraneous-dependencies: off */

import test from 'assertit';

import express from 'express';
import request from 'supertest';
import helloWorld from './index';

test('express-hello-world:', () => {
  test('should say \\"Hello World\\"', () => {
    return new Promise(done => {
      const app = express();
      app.use(helloWorld());

      request(app)
        .get('/')
        .expect(200, 'Hello World')
        .end(done);
    });
  });
  test('should yield next middleware', () => {
    return new Promise(done => {
      const app = express();
      app
        .use((req, res, next) => {
          res.set('X-First', 'foo');
          next();
        })
        .use(helloWorld())
        .use((req, res) => {
          test.equal(res.get('X-First'), 'foo');
        });

      request(app)
        .get('/')
        .expect(200, 'Hello World')
        .expect('X-First', 'foo')
        .end(err => {
          test.ifError(err);
          done();
        });
    });
  });
});
",
  "/*!
 * express-hello-world <https://github.com/tunnckoCore/express-hello-world>
 *
 * Copyright (c) 2015 Charlike Mike Reagent <@tunnckoCore> (http://www.tunnckocore.tk)
 * Released under the MIT license.
 */

export default function expressHelloWorld() {
  return (req, res, next) => {
    res.send('Hello World');
    next();
  };
}
",
]
`;
