// Jest Snapshot v1, https://goo.gl/fbAQLP

exports[`config config should throw if extends property is not a string or an array 1`] = `"Values in \\".extends\\" property in Alfred config must be a string. Instead passed () => {}"`;

exports[`config config should throw if require non-existent module 1`] = `"Could not resolve \\"foo\\" module or \\"eslint-config-foo\\" module"`;
